Archive member included to satisfy reference by file (symbol)

.pio/build/flash/libBoardBSP.a(bsp_printf.o)
                              .pio/build/flash/src/BubbleSort.o (uartInit)
.pio/build/flash/libBoardBSP.a(startup.o)
                              (_start)
/home/xe-user106/.platformio/packages/toolchain-riscv/bin/../lib/gcc/riscv64-unknown-elf/8.3.0/../../../../riscv64-unknown-elf/lib/rv32ia/ilp32/libc.a(lib_a-init.o)
                              .pio/build/flash/libBoardBSP.a(startup.o) (__libc_init_array)
/home/xe-user106/.platformio/packages/toolchain-riscv/bin/../lib/gcc/riscv64-unknown-elf/8.3.0/../../../../riscv64-unknown-elf/lib/rv32ia/ilp32/libc.a(lib_a-memcpy.o)
                              .pio/build/flash/src/BubbleSort.o (memcpy)

Discarded input sections

 .text          0x0000000000000000        0x0 .pio/build/flash/src/BubbleSort.o
 .data          0x0000000000000000        0x0 .pio/build/flash/src/BubbleSort.o
 .bss           0x0000000000000000        0x0 .pio/build/flash/src/BubbleSort.o
 .text          0x0000000000000000        0x0 .pio/build/flash/src/others.o
 .data          0x0000000000000000        0x0 .pio/build/flash/src/others.o
 .bss           0x0000000000000000        0x0 .pio/build/flash/src/others.o
 .text          0x0000000000000000        0x0 .pio/build/flash/libBoardBSP.a(bsp_printf.o)
 .data          0x0000000000000000        0x0 .pio/build/flash/libBoardBSP.a(bsp_printf.o)
 .bss           0x0000000000000000        0x0 .pio/build/flash/libBoardBSP.a(bsp_printf.o)
 .text.puts     0x0000000000000000       0x40 .pio/build/flash/libBoardBSP.a(bsp_printf.o)
 .text.putchar  0x0000000000000000       0x30 .pio/build/flash/libBoardBSP.a(bsp_printf.o)
 .text          0x0000000000000000        0x0 .pio/build/flash/libBoardBSP.a(startup.o)
 .data          0x0000000000000000        0x0 .pio/build/flash/libBoardBSP.a(startup.o)
 .bss           0x0000000000000000        0x0 .pio/build/flash/libBoardBSP.a(startup.o)
 .data          0x0000000000000000        0x0 /home/xe-user106/.platformio/packages/toolchain-riscv/bin/../lib/gcc/riscv64-unknown-elf/8.3.0/../../../../riscv64-unknown-elf/lib/rv32ia/ilp32/libc.a(lib_a-init.o)
 .bss           0x0000000000000000        0x0 /home/xe-user106/.platformio/packages/toolchain-riscv/bin/../lib/gcc/riscv64-unknown-elf/8.3.0/../../../../riscv64-unknown-elf/lib/rv32ia/ilp32/libc.a(lib_a-init.o)
 .data          0x0000000000000000        0x0 /home/xe-user106/.platformio/packages/toolchain-riscv/bin/../lib/gcc/riscv64-unknown-elf/8.3.0/../../../../riscv64-unknown-elf/lib/rv32ia/ilp32/libc.a(lib_a-memcpy.o)
 .bss           0x0000000000000000        0x0 /home/xe-user106/.platformio/packages/toolchain-riscv/bin/../lib/gcc/riscv64-unknown-elf/8.3.0/../../../../riscv64-unknown-elf/lib/rv32ia/ilp32/libc.a(lib_a-memcpy.o)

Memory Configuration

Name             Origin             Length             Attributes
ram              0x0000000000000000 0x0000000004000000 axw !rl
ram2             0x0000000004000000 0x0000000004000000 axw !rl
dccm             0x00000000f0040000 0x0000000000010000 axw !rl
ovl              0x00000000e0000000 0x0000000000002000
*default*        0x0000000000000000 0xffffffffffffffff

Linker script and memory map

                0x0000000000000000                __comrv_cache_size = 0x0
LOAD .pio/build/flash/src/BubbleSort.o
LOAD .pio/build/flash/src/others.o
START GROUP
LOAD .pio/build/flash/libBoardBSP.a
LOAD .pio/build/flash/libPSP.a
LOAD /home/xe-user106/.platformio/packages/toolchain-riscv/bin/../lib/gcc/riscv64-unknown-elf/8.3.0/../../../../riscv64-unknown-elf/lib/rv32ia/ilp32/libc.a
LOAD /home/xe-user106/.platformio/packages/toolchain-riscv/bin/../lib/gcc/riscv64-unknown-elf/8.3.0/rv32ia/ilp32/libgcc.a
END GROUP
                0x0000000000001000                __stack_size = DEFINED (__stack_size)?__stack_size:0x1000
                0x0000000000000000                __comrv_align_size = (__comrv_cache_size != 0x0)?__comrv_cache_alignment_size:0x0

.text.init      0x0000000000000000       0xd8
 *(.text.init)
 .text.init     0x0000000000000000       0xd4 .pio/build/flash/libBoardBSP.a(startup.o)
                0x0000000000000000                _start
                0x00000000000000d8                . = ALIGN (0x8)
 *fill*         0x00000000000000d4        0x4 

.text           0x00000000000000d8      0x7f8
 *(.text.unlikely .text.unlikely.*)
 *(.text.startup .text.startup.*)
 .text.startup.main
                0x00000000000000d8       0x64 .pio/build/flash/src/BubbleSort.o
                0x00000000000000d8                main
 *(.text .text.*)
 .text.BubbleSort
                0x000000000000013c       0x3c .pio/build/flash/src/others.o
                0x000000000000013c                BubbleSort
 .text.bsp_strlen
                0x0000000000000178       0x1c .pio/build/flash/libBoardBSP.a(bsp_printf.o)
                0x0000000000000178                bsp_strlen
 .text.printUartPutchar
                0x0000000000000194       0x48 .pio/build/flash/libBoardBSP.a(bsp_printf.o)
                0x0000000000000194                printUartPutchar
 .text.padding  0x00000000000001dc       0x54 .pio/build/flash/libBoardBSP.a(bsp_printf.o)
 .text.outnum   0x0000000000000230      0x160 .pio/build/flash/libBoardBSP.a(bsp_printf.o)
 .text.uartInit
                0x0000000000000390       0x34 .pio/build/flash/libBoardBSP.a(bsp_printf.o)
                0x0000000000000390                uartInit
 .text.uart_printf
                0x00000000000003c4      0x300 .pio/build/flash/libBoardBSP.a(bsp_printf.o)
                0x00000000000003c4                uart_printf
 .text.printfNexys
                0x00000000000006c4       0x5c .pio/build/flash/libBoardBSP.a(bsp_printf.o)
                0x00000000000006c4                printfNexys
 .text          0x0000000000000720       0x94 /home/xe-user106/.platformio/packages/toolchain-riscv/bin/../lib/gcc/riscv64-unknown-elf/8.3.0/../../../../riscv64-unknown-elf/lib/rv32ia/ilp32/libc.a(lib_a-init.o)
                0x0000000000000720                __libc_init_array
 .text          0x00000000000007b4      0x11c /home/xe-user106/.platformio/packages/toolchain-riscv/bin/../lib/gcc/riscv64-unknown-elf/8.3.0/../../../../riscv64-unknown-elf/lib/rv32ia/ilp32/libc.a(lib_a-memcpy.o)
                0x00000000000007b4                memcpy
 *(COMRV_TEXT_SEC)
 *(COMRV_TEXT_ASM)
 *(.gnu.linkonce.t.*)
                0x00000000000008d0                . = ALIGN (0x4)

.rodata         0x00000000000008d0       0x6c
 *(.rdata)
 *(.rodata .rodata.*)
 .rodata        0x00000000000008d0       0x30 .pio/build/flash/src/BubbleSort.o
 .rodata.main.str1.4
                0x0000000000000900       0x13 .pio/build/flash/src/BubbleSort.o
 *fill*         0x0000000000000913        0x1 
 .rodata.outnum.str1.4
                0x0000000000000914       0x28 .pio/build/flash/libBoardBSP.a(bsp_printf.o)
                                         0x25 (size before relaxing)
 *(.gnu.linkonce.r.*)
 *(COMRV_RODATA_SEC)
                0x000000000000093c                . = ALIGN (0x4)

.rela.dyn       0x000000000000093c        0x0
 .rela.text.init
                0x000000000000093c        0x0 .pio/build/flash/src/BubbleSort.o
 .rela.text     0x000000000000093c        0x0 .pio/build/flash/src/BubbleSort.o

.reserved_ovl   0x000000000000093c     0x2000
                0x000000000000093c                _OVERLAY_STORAGE_START_ADDRESS_ = .
                0x0000000000002000                . = 0x2000
 *fill*         0x000000000000093c     0x2000 

.lalign         0x000000000000293c        0x0
                0x000000000000293c                . = ALIGN (0x4)
                [!provide]                        PROVIDE (_data_lma = .)

.dalign         0x000000000000293c        0x0
                0x000000000000293c                . = ALIGN (0x4)
                [!provide]                        PROVIDE (_data = .)

.data           0x000000000000293c        0xc
 *(.data .data.*)
 *(.gnu.linkonce.d.*)
                0x0000000000002946                . = (. + 0xa)
 *fill*         0x000000000000293c        0xa 
                0x0000000000002948                . = ALIGN (0x8)
 *fill*         0x0000000000002946        0x2 

SW_INT          0x0000000004000000        0x4
                0x0000000004000000                _sw_int_mem_ctrl = .
                0x0000000000000004                . = 0x4
 *fill*         0x0000000004000000        0x4 

COMRV_DATA_SEC

PSP_DATA_SEC

.sdata          0x0000000000002948        0x0
                0x0000000000002948                . = ALIGN (0x8)
                0x0000000000003148                __global_pointer$ = (. + 0x800)
 *(.sdata .sdata.*)
 *(.gnu.linkonce.s.*)
                0x0000000000002948                . = ALIGN (0x8)
 *(.srodata .srodata.*)
                0x0000000000002948                . = ALIGN (0x8)
                0x0000000000002948                . = ALIGN (0x4)
                [!provide]                        PROVIDE (_edata = .)
                [!provide]                        PROVIDE (edata = .)
                [!provide]                        PROVIDE (_fbss = .)
                0x0000000000002948                PROVIDE (__bss_start = .)

.bss            0x0000000000002948        0x0
 *(.sbss .sbss.* .gnu.linkonce.sb.*)
 *(.scommon)
 *(.bss)
                0x0000000000002948                . = ALIGN (0x8)
                0x0000000000002948                _end = .

.stack          0x0000000000002948     0x1000
                0x0000000000002948                _heap_end = .
                0x0000000000003948                . = (. + __stack_size)
 *fill*         0x0000000000002948     0x1000 
                0x0000000000003948                _sp = .

.overlay_sec    0x0000000000003948        0x0
                0x0000000000003948                __OVERLAY_CACHE_START__ = .
                0x0000000000000000                . = __comrv_cache_size
                0x0000000000003948                __OVERLAY_CACHE_END__ = .

.ovlgrps        0x00000000e0000000        0x0
                0x00000000e0000000                OVERLAY_START_OF_OVERLAYS = .
 *(.ovlinput.*)
                0x00000000e0000000                OVERLAY_END_OF_OVERLAYS = .
OUTPUT(.pio/build/flash/firmware.elf elf32-littleriscv)

.comment        0x0000000000000000       0x28
 .comment       0x0000000000000000       0x28 .pio/build/flash/src/BubbleSort.o
                                         0x29 (size before relaxing)
 .comment       0x0000000000000028       0x29 .pio/build/flash/src/others.o
 .comment       0x0000000000000028       0x29 .pio/build/flash/libBoardBSP.a(bsp_printf.o)
 .comment       0x0000000000000028       0x29 /home/xe-user106/.platformio/packages/toolchain-riscv/bin/../lib/gcc/riscv64-unknown-elf/8.3.0/../../../../riscv64-unknown-elf/lib/rv32ia/ilp32/libc.a(lib_a-init.o)
 .comment       0x0000000000000028       0x29 /home/xe-user106/.platformio/packages/toolchain-riscv/bin/../lib/gcc/riscv64-unknown-elf/8.3.0/../../../../riscv64-unknown-elf/lib/rv32ia/ilp32/libc.a(lib_a-memcpy.o)

.riscv.attributes
                0x0000000000000000       0x26
 .riscv.attributes
                0x0000000000000000       0x26 .pio/build/flash/src/BubbleSort.o
 .riscv.attributes
                0x0000000000000026       0x26 .pio/build/flash/src/others.o
 .riscv.attributes
                0x000000000000004c       0x26 .pio/build/flash/libBoardBSP.a(bsp_printf.o)
 .riscv.attributes
                0x0000000000000072       0x24 .pio/build/flash/libBoardBSP.a(startup.o)
 .riscv.attributes
                0x0000000000000096       0x21 /home/xe-user106/.platformio/packages/toolchain-riscv/bin/../lib/gcc/riscv64-unknown-elf/8.3.0/../../../../riscv64-unknown-elf/lib/rv32ia/ilp32/libc.a(lib_a-init.o)
 .riscv.attributes
                0x00000000000000b7       0x21 /home/xe-user106/.platformio/packages/toolchain-riscv/bin/../lib/gcc/riscv64-unknown-elf/8.3.0/../../../../riscv64-unknown-elf/lib/rv32ia/ilp32/libc.a(lib_a-memcpy.o)
