Archive member included to satisfy reference by file (symbol)

.pio/build/flash/libBoardBSP.a(bsp_printf.o)
                              .pio/build/flash/src/GCD.o (uartInit)
.pio/build/flash/libBoardBSP.a(startup.o)
                              (_start)
/home/xe-user106/.platformio/packages/toolchain-riscv/bin/../lib/gcc/riscv64-unknown-elf/8.3.0/../../../../riscv64-unknown-elf/lib/rv32ia/ilp32/libc.a(lib_a-init.o)
                              .pio/build/flash/libBoardBSP.a(startup.o) (__libc_init_array)
/home/xe-user106/.platformio/packages/toolchain-riscv/bin/../lib/gcc/riscv64-unknown-elf/8.3.0/../../../../riscv64-unknown-elf/lib/rv32ia/ilp32/libc.a(lib_a-memcpy.o)
                              .pio/build/flash/libBoardBSP.a(bsp_printf.o) (memcpy)

Discarded input sections

 .text          0x0000000000000000        0x0 .pio/build/flash/src/GCD.o
 .data          0x0000000000000000        0x0 .pio/build/flash/src/GCD.o
 .bss           0x0000000000000000        0x0 .pio/build/flash/src/GCD.o
 .text          0x0000000000000000        0x0 .pio/build/flash/src/other.o
 .data          0x0000000000000000        0x0 .pio/build/flash/src/other.o
 .bss           0x0000000000000000        0x0 .pio/build/flash/src/other.o
 .text          0x0000000000000000        0x0 .pio/build/flash/libBoardBSP.a(bsp_printf.o)
 .data          0x0000000000000000        0x0 .pio/build/flash/libBoardBSP.a(bsp_printf.o)
 .bss           0x0000000000000000        0x0 .pio/build/flash/libBoardBSP.a(bsp_printf.o)
 .text.puts     0x0000000000000000       0x40 .pio/build/flash/libBoardBSP.a(bsp_printf.o)
 .text.putchar  0x0000000000000000       0x30 .pio/build/flash/libBoardBSP.a(bsp_printf.o)
 .text          0x0000000000000000        0x0 .pio/build/flash/libBoardBSP.a(startup.o)
 .data          0x0000000000000000        0x0 .pio/build/flash/libBoardBSP.a(startup.o)
 .bss           0x0000000000000000        0x0 .pio/build/flash/libBoardBSP.a(startup.o)
 .data          0x0000000000000000        0x0 /home/xe-user106/.platformio/packages/toolchain-riscv/bin/../lib/gcc/riscv64-unknown-elf/8.3.0/../../../../riscv64-unknown-elf/lib/rv32ia/ilp32/libc.a(lib_a-init.o)
 .bss           0x0000000000000000        0x0 /home/xe-user106/.platformio/packages/toolchain-riscv/bin/../lib/gcc/riscv64-unknown-elf/8.3.0/../../../../riscv64-unknown-elf/lib/rv32ia/ilp32/libc.a(lib_a-init.o)
 .data          0x0000000000000000        0x0 /home/xe-user106/.platformio/packages/toolchain-riscv/bin/../lib/gcc/riscv64-unknown-elf/8.3.0/../../../../riscv64-unknown-elf/lib/rv32ia/ilp32/libc.a(lib_a-memcpy.o)
 .bss           0x0000000000000000        0x0 /home/xe-user106/.platformio/packages/toolchain-riscv/bin/../lib/gcc/riscv64-unknown-elf/8.3.0/../../../../riscv64-unknown-elf/lib/rv32ia/ilp32/libc.a(lib_a-memcpy.o)

Memory Configuration

Name             Origin             Length             Attributes
ram              0x0000000000000000 0x0000000004000000 axw !rl
ram2             0x0000000004000000 0x0000000004000000 axw !rl
dccm             0x00000000f0040000 0x0000000000010000 axw !rl
ovl              0x00000000e0000000 0x0000000000002000
*default*        0x0000000000000000 0xffffffffffffffff

Linker script and memory map

                0x0000000000000000                __comrv_cache_size = 0x0
LOAD .pio/build/flash/src/GCD.o
LOAD .pio/build/flash/src/other.o
START GROUP
LOAD .pio/build/flash/libBoardBSP.a
LOAD .pio/build/flash/libPSP.a
LOAD /home/xe-user106/.platformio/packages/toolchain-riscv/bin/../lib/gcc/riscv64-unknown-elf/8.3.0/../../../../riscv64-unknown-elf/lib/rv32ia/ilp32/libc.a
LOAD /home/xe-user106/.platformio/packages/toolchain-riscv/bin/../lib/gcc/riscv64-unknown-elf/8.3.0/rv32ia/ilp32/libgcc.a
END GROUP
                0x0000000000001000                __stack_size = DEFINED (__stack_size)?__stack_size:0x1000
                0x0000000000000000                __comrv_align_size = (__comrv_cache_size != 0x0)?__comrv_cache_alignment_size:0x0

.text.init      0x0000000000000000       0xd8
 *(.text.init)
 .text.init     0x0000000000000000       0xd4 .pio/build/flash/libBoardBSP.a(startup.o)
                0x0000000000000000                _start
                0x00000000000000d8                . = ALIGN (0x8)
 *fill*         0x00000000000000d4        0x4 

.text           0x00000000000000d8      0x7c4
 *(.text.unlikely .text.unlikely.*)
 *(.text.startup .text.startup.*)
 .text.startup.main
                0x00000000000000d8       0x40 .pio/build/flash/src/GCD.o
                0x00000000000000d8                main
 *(.text .text.*)
 .text.GCD      0x0000000000000118       0x2c .pio/build/flash/src/other.o
                0x0000000000000118                GCD
 .text.bsp_strlen
                0x0000000000000144       0x1c .pio/build/flash/libBoardBSP.a(bsp_printf.o)
                0x0000000000000144                bsp_strlen
 .text.printUartPutchar
                0x0000000000000160       0x48 .pio/build/flash/libBoardBSP.a(bsp_printf.o)
                0x0000000000000160                printUartPutchar
 .text.padding  0x00000000000001a8       0x54 .pio/build/flash/libBoardBSP.a(bsp_printf.o)
 .text.outnum   0x00000000000001fc      0x160 .pio/build/flash/libBoardBSP.a(bsp_printf.o)
 .text.uartInit
                0x000000000000035c       0x34 .pio/build/flash/libBoardBSP.a(bsp_printf.o)
                0x000000000000035c                uartInit
 .text.uart_printf
                0x0000000000000390      0x300 .pio/build/flash/libBoardBSP.a(bsp_printf.o)
                0x0000000000000390                uart_printf
 .text.printfNexys
                0x0000000000000690       0x5c .pio/build/flash/libBoardBSP.a(bsp_printf.o)
                0x0000000000000690                printfNexys
 .text          0x00000000000006ec       0x94 /home/xe-user106/.platformio/packages/toolchain-riscv/bin/../lib/gcc/riscv64-unknown-elf/8.3.0/../../../../riscv64-unknown-elf/lib/rv32ia/ilp32/libc.a(lib_a-init.o)
                0x00000000000006ec                __libc_init_array
 .text          0x0000000000000780      0x11c /home/xe-user106/.platformio/packages/toolchain-riscv/bin/../lib/gcc/riscv64-unknown-elf/8.3.0/../../../../riscv64-unknown-elf/lib/rv32ia/ilp32/libc.a(lib_a-memcpy.o)
                0x0000000000000780                memcpy
 *(COMRV_TEXT_SEC)
 *(COMRV_TEXT_ASM)
 *(.gnu.linkonce.t.*)
                0x000000000000089c                . = ALIGN (0x4)

.rodata         0x000000000000089c       0x48
 *(.rdata)
 *(.rodata .rodata.*)
 .rodata.main.str1.4
                0x000000000000089c       0x1e .pio/build/flash/src/GCD.o
 *fill*         0x00000000000008ba        0x2 
 .rodata.outnum.str1.4
                0x00000000000008bc       0x28 .pio/build/flash/libBoardBSP.a(bsp_printf.o)
                                         0x25 (size before relaxing)
 *(.gnu.linkonce.r.*)
 *(COMRV_RODATA_SEC)
                0x00000000000008e4                . = ALIGN (0x4)

.rela.dyn       0x00000000000008e4        0x0
 .rela.text.init
                0x00000000000008e4        0x0 .pio/build/flash/src/GCD.o
 .rela.text     0x00000000000008e4        0x0 .pio/build/flash/src/GCD.o

.reserved_ovl   0x00000000000008e4     0x2000
                0x00000000000008e4                _OVERLAY_STORAGE_START_ADDRESS_ = .
                0x0000000000002000                . = 0x2000
 *fill*         0x00000000000008e4     0x2000 

.lalign         0x00000000000028e4        0x0
                0x00000000000028e4                . = ALIGN (0x4)
                [!provide]                        PROVIDE (_data_lma = .)

.dalign         0x00000000000028e4        0x0
                0x00000000000028e4                . = ALIGN (0x4)
                [!provide]                        PROVIDE (_data = .)

.data           0x00000000000028e4        0xc
 *(.data .data.*)
 *(.gnu.linkonce.d.*)
                0x00000000000028ee                . = (. + 0xa)
 *fill*         0x00000000000028e4        0xa 
                0x00000000000028f0                . = ALIGN (0x8)
 *fill*         0x00000000000028ee        0x2 

SW_INT          0x0000000004000000        0x4
                0x0000000004000000                _sw_int_mem_ctrl = .
                0x0000000000000004                . = 0x4
 *fill*         0x0000000004000000        0x4 

COMRV_DATA_SEC

PSP_DATA_SEC

.sdata          0x00000000000028f0        0x0
                0x00000000000028f0                . = ALIGN (0x8)
                0x00000000000030f0                __global_pointer$ = (. + 0x800)
 *(.sdata .sdata.*)
 *(.gnu.linkonce.s.*)
                0x00000000000028f0                . = ALIGN (0x8)
 *(.srodata .srodata.*)
                0x00000000000028f0                . = ALIGN (0x8)
                0x00000000000028f0                . = ALIGN (0x4)
                [!provide]                        PROVIDE (_edata = .)
                [!provide]                        PROVIDE (edata = .)
                [!provide]                        PROVIDE (_fbss = .)
                0x00000000000028f0                PROVIDE (__bss_start = .)

.bss            0x00000000000028f0        0x0
 *(.sbss .sbss.* .gnu.linkonce.sb.*)
 *(.scommon)
 *(.bss)
                0x00000000000028f0                . = ALIGN (0x8)
                0x00000000000028f0                _end = .

.stack          0x00000000000028f0     0x1000
                0x00000000000028f0                _heap_end = .
                0x00000000000038f0                . = (. + __stack_size)
 *fill*         0x00000000000028f0     0x1000 
                0x00000000000038f0                _sp = .

.overlay_sec    0x00000000000038f0        0x0
                0x00000000000038f0                __OVERLAY_CACHE_START__ = .
                0x0000000000000000                . = __comrv_cache_size
                0x00000000000038f0                __OVERLAY_CACHE_END__ = .

.ovlgrps        0x00000000e0000000        0x0
                0x00000000e0000000                OVERLAY_START_OF_OVERLAYS = .
 *(.ovlinput.*)
                0x00000000e0000000                OVERLAY_END_OF_OVERLAYS = .
OUTPUT(.pio/build/flash/firmware.elf elf32-littleriscv)

.comment        0x0000000000000000       0x28
 .comment       0x0000000000000000       0x28 .pio/build/flash/src/GCD.o
                                         0x29 (size before relaxing)
 .comment       0x0000000000000028       0x29 .pio/build/flash/src/other.o
 .comment       0x0000000000000028       0x29 .pio/build/flash/libBoardBSP.a(bsp_printf.o)
 .comment       0x0000000000000028       0x29 /home/xe-user106/.platformio/packages/toolchain-riscv/bin/../lib/gcc/riscv64-unknown-elf/8.3.0/../../../../riscv64-unknown-elf/lib/rv32ia/ilp32/libc.a(lib_a-init.o)
 .comment       0x0000000000000028       0x29 /home/xe-user106/.platformio/packages/toolchain-riscv/bin/../lib/gcc/riscv64-unknown-elf/8.3.0/../../../../riscv64-unknown-elf/lib/rv32ia/ilp32/libc.a(lib_a-memcpy.o)

.riscv.attributes
                0x0000000000000000       0x26
 .riscv.attributes
                0x0000000000000000       0x26 .pio/build/flash/src/GCD.o
 .riscv.attributes
                0x0000000000000026       0x26 .pio/build/flash/src/other.o
 .riscv.attributes
                0x000000000000004c       0x26 .pio/build/flash/libBoardBSP.a(bsp_printf.o)
 .riscv.attributes
                0x0000000000000072       0x24 .pio/build/flash/libBoardBSP.a(startup.o)
 .riscv.attributes
                0x0000000000000096       0x21 /home/xe-user106/.platformio/packages/toolchain-riscv/bin/../lib/gcc/riscv64-unknown-elf/8.3.0/../../../../riscv64-unknown-elf/lib/rv32ia/ilp32/libc.a(lib_a-init.o)
 .riscv.attributes
                0x00000000000000b7       0x21 /home/xe-user106/.platformio/packages/toolchain-riscv/bin/../lib/gcc/riscv64-unknown-elf/8.3.0/../../../../riscv64-unknown-elf/lib/rv32ia/ilp32/libc.a(lib_a-memcpy.o)
